================================================================================
HANDS-ON 1 EXECUTION LOG
Project: student-course-portal
Topic: Environment Setup, Project Structure & First Component
Timestamp: 2026-07-22 12:16:00
================================================================================

1. PROJECT SCAFFOLDING
Command: npx -y @angular/cli@20 new student-course-portal --routing --style=css --skip-git --no-standalone --defaults
Status: SUCCESS
Files generated:
  - angular.json
  - package.json
  - tsconfig.json
  - tsconfig.app.json
  - src/main.ts
  - src/app/app-module.ts
  - src/app/app-routing-module.ts
  - src/app/app.ts
  - src/app/app.html
  - src/index.html

2. FILE DOCUMENTATION (notes.txt)
Status: CREATED (Explaining 8 core files + budgets config in angular.json)

3. COMPONENT GENERATION
Commands Executed:
  - npx ng g c components/header
  - npx ng g c pages/home
  - npx ng g c pages/course-list
  - npx ng g c pages/student-profile
Status: SUCCESS
Generated 4 components: Header, Home, CourseList, StudentProfile. Registered in AppModule.

4. TEMPLATE & ROUTE INTEGRATION
- HeaderComponent template: <nav class="portal-navbar"> with 'Student Course Portal' title and routerLink items (Home, Courses, Profile).
- HomeComponent template: Welcome heading, course portal overview, and stats row (Courses Available: 12, Enrolled: 3, GPA: 3.8).
- AppComponent template: Updated to <app-header> + <router-outlet>.

5. BUILD VERIFICATION
Command: npx ng build
Output:
  Initial total: 261.68 kB
  Application bundle generation complete. [2.837 seconds]
  Result: 0 errors, build SUCCESSFUL.
================================================================================
